[debug] [2026-05-12T11:15:03.791Z] ----------------------------------------------------------------------
[debug] [2026-05-12T11:15:03.807Z] Command:       C:\Program Files\nodejs\node.exe C:\Users\HSAI\AppData\Roaming\npm\node_modules\firebase-tools\lib\bin\firebase.js init functions
[debug] [2026-05-12T11:15:03.807Z] CLI Version:   14.23.0
[debug] [2026-05-12T11:15:03.807Z] Platform:      win32
[debug] [2026-05-12T11:15:03.807Z] Node Version:  v22.15.0
[debug] [2026-05-12T11:15:03.808Z] Time:          Tue May 12 2026 19:15:03 GMT+0800 (Philippine Standard Time)
[debug] [2026-05-12T11:15:03.808Z] ----------------------------------------------------------------------
[debug] 
[debug] [2026-05-12T11:15:03.811Z] >>> [apiv2][query] GET https://firebase-public.firebaseio.com/cli.json [none]
[info] 
     ######## #### ########  ######## ########     ###     ######  ########
     ##        ##  ##     ## ##       ##     ##  ##   ##  ##       ##
     ######    ##  ########  ######   ########  #########  ######  ######
     ##        ##  ##    ##  ##       ##     ## ##     ##       ## ##
     ##       #### ##     ## ######## ########  ##     ##  ######  ########

You're about to initialize a Firebase project in this directory:

  C:\Users\HSAI\Desktop\backup\functions

[debug] [2026-05-12T11:15:04.849Z] <<< [apiv2][status] GET https://firebase-public.firebaseio.com/cli.json 200
[debug] [2026-05-12T11:15:04.849Z] <<< [apiv2][body] GET https://firebase-public.firebaseio.com/cli.json {"cloudBuildErrorAfter":1594252800000,"cloudBuildWarnAfter":1590019200000,"defaultNode10After":1594252800000,"minVersion":"3.0.5","node8DeploysDisabledAfter":1613390400000,"node8RuntimeDisabledAfter":1615809600000,"node8WarnAfter":1600128000000}
[info] 
=== Project Setup
[info] 
[info] First, let's associate this project directory with a Firebase project.
[info] You can create multiple project aliases by running firebase use --add, 
[info] 
